{
    "code": 200,
    "data": [
        {
            "PLU": "AAA",
            "name": "Testing",
            "sizes": [
                {
                    "SKU": "456",
                    "size": 38
                },
                {
                    "SKU": "123",
                    "size": 40
                },
                {
                    "SKU": "789",
                    "size": 45
                }
            ]
        }
    ]
}
